../Core/Src/main.c:70:6:HAL_TIM_PWM_PulseFinishedCallback	16	static
../Core/Src/main.c:76:6:resetAllLED	16	static
../Core/Src/main.c:82:6:setAllLED	16	static
../Core/Src/main.c:89:6:setLED	40	static
../Core/Src/main.c:105:6:ws2812Send	8	static
../Core/Src/main.c:167:6:hsvToRgb	32	static
../Core/Src/main.c:195:6:set_led_color_in_strip	24	static
../Core/Src/main.c:204:6:fill_strip_solid	32	static
../Core/Src/main.c:211:6:update_led_strip_to_physical_leds	16	static
../Core/Src/main.c:236:6:game_setup	8	static
../Core/Src/main.c:245:6:game_loop	48	static
../Core/Src/main.c:325:5:getTime	24	static
../Core/Src/main.c:342:6:increase_game_difficulty	8	static
../Core/Src/main.c:360:6:play_flash_animation	16	static
../Core/Src/main.c:386:6:apply_fade_to_all_leds	16	static
../Core/Src/main.c:398:6:rgb_color_wheel	16	static
../Core/Src/main.c:423:6:play_cylon_animation	40	static
../Core/Src/main.c:466:5:main	8	static
../Core/Src/main.c:516:6:SystemClock_Config	80	static
../Core/Src/main.c:555:13:MX_TIM3_Init	64	static
../Core/Src/main.c:612:13:MX_DMA_Init	16	static
../Core/Src/main.c:630:13:MX_GPIO_Init	48	static
../Core/Src/main.c:657:6:HAL_GPIO_EXTI_Callback	24	static
../Core/Src/main.c:680:6:Error_Handler	8	static,ignoring_inline_asm
