../Core/Src/main.c:71:6:HAL_TIM_PWM_PulseFinishedCallback	16	static
../Core/Src/main.c:77:6:resetAllLED	16	static
../Core/Src/main.c:83:6:setAllLED	16	static
../Core/Src/main.c:90:6:setLED	40	static
../Core/Src/main.c:106:6:ws2812Send	8	static
../Core/Src/main.c:161:6:hsvToRgb	32	static
../Core/Src/main.c:189:6:set_led_color_in_strip	24	static
../Core/Src/main.c:198:6:fill_strip_solid	32	static
../Core/Src/main.c:205:6:update_led_strip_to_physical_leds	16	static
../Core/Src/main.c:230:6:game_setup	8	static
../Core/Src/main.c:239:6:game_loop	48	static
../Core/Src/main.c:332:5:getTime	24	static
../Core/Src/main.c:349:6:increase_game_difficulty	8	static
../Core/Src/main.c:367:6:play_flash_animation	16	static
../Core/Src/main.c:393:6:apply_fade_to_all_leds	16	static
../Core/Src/main.c:405:6:rgb_color_wheel	16	static
../Core/Src/main.c:430:6:play_cylon_animation	40	static
../Core/Src/main.c:472:5:main	8	static
../Core/Src/main.c:520:6:SystemClock_Config	80	static
../Core/Src/main.c:559:13:MX_TIM3_Init	64	static
../Core/Src/main.c:616:13:MX_DMA_Init	16	static
../Core/Src/main.c:634:13:MX_GPIO_Init	48	static
../Core/Src/main.c:664:6:Error_Handler	8	static,ignoring_inline_asm
